// Jest Snapshot v1, https://goo.gl/fbAQLP

exports[`renders correctly 1`] = `
<View>
  <Icon.ToolbarAndroid
    navIconName="bars"
    onIconClicked={[Function]}
    style={
      Object {
        "backgroundColor": "dodgerblue",
        "height": 56,
      }
    }
    title="Antiques"
    titleColor="white"
  />
  <RCTScrollView
    dataSource={
      ListViewDataSource {
        "items": 5,
      }
    }
    renderRow={[Function]}
    renderScrollComponent={[Function]}
    style={
      Object {
        "backgroundColor": "dimgray",
      }
    }
  >
    <View>
      <View
        style={
          Object {
            "backgroundColor": "white",
            "borderRadius": 5,
            "flexDirection": "row",
            "margin": 10,
            "padding": 10,
          }
        }
      >
        <Image
          source={
            Object {
              "uri": "http://i.ebayimg.com/images/g/64EAAOSwCQZZDJPO/s-l1600.jpg",
            }
          }
          style={
            Object {
              "height": 100,
              "width": 100,
            }
          }
        />
        <View
          style={
            Object {
              "flex": 1,
              "flexDirection": "column",
              "justifyContent": "space-between",
              "paddingLeft": 10,
            }
          }
        >
          <Text
            accessible={true}
            allowFontScaling={true}
            ellipsizeMode="tail"
            style={
              Object {
                "color": "black",
                "fontSize": 15,
              }
            }
          >
            Superb Antique Chinese Porcelain Blue And White Vase Qianlong Marked s138
          </Text>
          <View
            style={
              Object {
                "flexDirection": "row",
                "justifyContent": "space-between",
              }
            }
          >
            <View
              style={Object {}}
            >
              <Text
                accessible={true}
                allowFontScaling={true}
                ellipsizeMode="tail"
                style={
                  Object {
                    "fontSize": 10,
                  }
                }
              >
                Time Left:
              </Text>
              <Text
                accessible={true}
                allowFontScaling={true}
                ellipsizeMode="tail"
                style={
                  Object {
                    "color": "red",
                    "fontSize": 15,
                  }
                }
              >
                17m 5s
              </Text>
            </View>
            <View
              style={
                Object {
                  "alignItems": "center",
                  "backgroundColor": "dimgray",
                  "borderRadius": 5,
                  "justifyContent": "center",
                  "width": 100,
                }
              }
            >
              <Text
                accessible={true}
                allowFontScaling={true}
                ellipsizeMode="tail"
                style={
                  Object {
                    "color": "white",
                  }
                }
              >
                $
                120.89
              </Text>
            </View>
          </View>
        </View>
      </View>
      <View
        style={
          Object {
            "backgroundColor": "white",
            "borderRadius": 5,
            "flexDirection": "row",
            "margin": 10,
            "padding": 10,
          }
        }
      >
        <Image
          source={
            Object {
              "uri": "http://i.ebayimg.com/images/g/BioAAOSwXeJXdd7t/s-l400.jpg",
            }
          }
          style={
            Object {
              "height": 100,
              "width": 100,
            }
          }
        />
        <View
          style={
            Object {
              "flex": 1,
              "flexDirection": "column",
              "justifyContent": "space-between",
              "paddingLeft": 10,
            }
          }
        >
          <Text
            accessible={true}
            allowFontScaling={true}
            ellipsizeMode="tail"
            style={
              Object {
                "color": "black",
                "fontSize": 15,
              }
            }
          >
            Deadly Hands Of Kung Fu # 32 VF/NM Marvel Comic Book Magazine Shang Chi J118
          </Text>
          <View
            style={
              Object {
                "flexDirection": "row",
                "justifyContent": "space-between",
              }
            }
          >
            <View
              style={Object {}}
            >
              <Text
                accessible={true}
                allowFontScaling={true}
                ellipsizeMode="tail"
                style={
                  Object {
                    "fontSize": 10,
                  }
                }
              >
                Time Left:
              </Text>
              <Text
                accessible={true}
                allowFontScaling={true}
                ellipsizeMode="tail"
                style={
                  Object {
                    "color": "red",
                    "fontSize": 15,
                  }
                }
              >
                17m 5s
              </Text>
            </View>
            <View
              style={
                Object {
                  "alignItems": "center",
                  "backgroundColor": "dimgray",
                  "borderRadius": 5,
                  "justifyContent": "center",
                  "width": 100,
                }
              }
            >
              <Text
                accessible={true}
                allowFontScaling={true}
                ellipsizeMode="tail"
                style={
                  Object {
                    "color": "white",
                  }
                }
              >
                $
                12.99
              </Text>
            </View>
          </View>
        </View>
      </View>
      <View
        style={
          Object {
            "backgroundColor": "white",
            "borderRadius": 5,
            "flexDirection": "row",
            "margin": 10,
            "padding": 10,
          }
        }
      >
        <Image
          source={
            Object {
              "uri": "http://i.ebayimg.com/images/g/Xj0AAOSwn-tZDOQd/s-l400.jpg",
            }
          }
          style={
            Object {
              "height": 100,
              "width": 100,
            }
          }
        />
        <View
          style={
            Object {
              "flex": 1,
              "flexDirection": "column",
              "justifyContent": "space-between",
              "paddingLeft": 10,
            }
          }
        >
          <Text
            accessible={true}
            allowFontScaling={true}
            ellipsizeMode="tail"
            style={
              Object {
                "color": "black",
                "fontSize": 15,
              }
            }
          >
            Matchbox Lot Vintage Lesney Vehicle Cars Vehicles 70s Motorcycles Bulldozer
          </Text>
          <View
            style={
              Object {
                "flexDirection": "row",
                "justifyContent": "space-between",
              }
            }
          >
            <View
              style={Object {}}
            >
              <Text
                accessible={true}
                allowFontScaling={true}
                ellipsizeMode="tail"
                style={
                  Object {
                    "fontSize": 10,
                  }
                }
              >
                Time Left:
              </Text>
              <Text
                accessible={true}
                allowFontScaling={true}
                ellipsizeMode="tail"
                style={
                  Object {
                    "color": "red",
                    "fontSize": 15,
                  }
                }
              >
                17m 5s
              </Text>
            </View>
            <View
              style={
                Object {
                  "alignItems": "center",
                  "backgroundColor": "dimgray",
                  "borderRadius": 5,
                  "justifyContent": "center",
                  "width": 100,
                }
              }
            >
              <Text
                accessible={true}
                allowFontScaling={true}
                ellipsizeMode="tail"
                style={
                  Object {
                    "color": "white",
                  }
                }
              >
                $
                23.00
              </Text>
            </View>
          </View>
        </View>
      </View>
      <View
        style={
          Object {
            "backgroundColor": "white",
            "borderRadius": 5,
            "flexDirection": "row",
            "margin": 10,
            "padding": 10,
          }
        }
      >
        <Image
          source={
            Object {
              "uri": "http://i.ebayimg.com/images/g/pkoAAOSwuxFY245L/s-l400.jpg",
            }
          }
          style={
            Object {
              "height": 100,
              "width": 100,
            }
          }
        />
        <View
          style={
            Object {
              "flex": 1,
              "flexDirection": "column",
              "justifyContent": "space-between",
              "paddingLeft": 10,
            }
          }
        >
          <Text
            accessible={true}
            allowFontScaling={true}
            ellipsizeMode="tail"
            style={
              Object {
                "color": "black",
                "fontSize": 15,
              }
            }
          >
            Yuri !!! on ICE 1 with tickets Special Events priority sales application [D
          </Text>
          <View
            style={
              Object {
                "flexDirection": "row",
                "justifyContent": "space-between",
              }
            }
          >
            <View
              style={Object {}}
            >
              <Text
                accessible={true}
                allowFontScaling={true}
                ellipsizeMode="tail"
                style={
                  Object {
                    "fontSize": 10,
                  }
                }
              >
                Time Left:
              </Text>
              <Text
                accessible={true}
                allowFontScaling={true}
                ellipsizeMode="tail"
                style={
                  Object {
                    "color": "red",
                    "fontSize": 15,
                  }
                }
              >
                17m 5s
              </Text>
            </View>
            <View
              style={
                Object {
                  "alignItems": "center",
                  "backgroundColor": "dimgray",
                  "borderRadius": 5,
                  "justifyContent": "center",
                  "width": 100,
                }
              }
            >
              <Text
                accessible={true}
                allowFontScaling={true}
                ellipsizeMode="tail"
                style={
                  Object {
                    "color": "white",
                  }
                }
              >
                $
                20.89
              </Text>
            </View>
          </View>
        </View>
      </View>
      <View
        style={
          Object {
            "backgroundColor": "white",
            "borderRadius": 5,
            "flexDirection": "row",
            "margin": 10,
            "padding": 10,
          }
        }
      >
        <Image
          source={
            Object {
              "uri": "http://i.ebayimg.com/images/g/kmUAAOSwhQhYy1oP/s-l1600.jpg",
            }
          }
          style={
            Object {
              "height": 100,
              "width": 100,
            }
          }
        />
        <View
          style={
            Object {
              "flex": 1,
              "flexDirection": "column",
              "justifyContent": "space-between",
              "paddingLeft": 10,
            }
          }
        >
          <Text
            accessible={true}
            allowFontScaling={true}
            ellipsizeMode="tail"
            style={
              Object {
                "color": "black",
                "fontSize": 15,
              }
            }
          >
            Large Pet Dog Cat Bed Puppy Cushion House Pet Soft Warm Kennel Dog Mat Blanket
          </Text>
          <View
            style={
              Object {
                "flexDirection": "row",
                "justifyContent": "space-between",
              }
            }
          >
            <View
              style={Object {}}
            >
              <Text
                accessible={true}
                allowFontScaling={true}
                ellipsizeMode="tail"
                style={
                  Object {
                    "fontSize": 10,
                  }
                }
              >
                Time Left:
              </Text>
              <Text
                accessible={true}
                allowFontScaling={true}
                ellipsizeMode="tail"
                style={
                  Object {
                    "color": "red",
                    "fontSize": 15,
                  }
                }
              >
                17m 5s
              </Text>
            </View>
            <View
              style={
                Object {
                  "alignItems": "center",
                  "backgroundColor": "dimgray",
                  "borderRadius": 5,
                  "justifyContent": "center",
                  "width": 100,
                }
              }
            >
              <Text
                accessible={true}
                allowFontScaling={true}
                ellipsizeMode="tail"
                style={
                  Object {
                    "color": "white",
                  }
                }
              >
                $
                10.89
              </Text>
            </View>
          </View>
        </View>
      </View>
    </View>
  </RCTScrollView>
</View>
`;
