// Jest Snapshot v1, https://goo.gl/fbAQLP

exports[`renders correctly 1`] = `
<View>
  <Icon.Button
    navIconName="bars"
    onIconClicked={[Function]}
    style={
      Object {
        "backgroundColor": "dodgerblue",
        "height": 56,
      }
    }
    title="Antiques"
    titleColor="white"
  />
</View>
`;
