// Jest Snapshot v1, https://goo.gl/fbAQLP

exports[`renders correctly 1`] = `
<View
  style={
    Object {
      "alignItems": "center",
      "flex": 1,
    }
  }
>
  <Text
    accessible={true}
    allowFontScaling={true}
    ellipsizeMode="tail"
  >
    Categories
  </Text>
  <RCTScrollView
    dataSource={
      ListViewDataSource {
        "items": 0,
      }
    }
    renderRow={[Function]}
    renderScrollComponent={[Function]}
  >
    <View />
  </RCTScrollView>
</View>
`;
